============================= test session starts =============================
platform win32 -- Python 3.12.6, pytest-7.4.3, pluggy-1.6.0 -- C:\Python312\python.exe
cachedir: .pytest_cache
hypothesis profile 'default'
rootdir: D:\Challange 4\backend
plugins: anyio-3.7.1, hypothesis-6.151.6, asyncio-0.21.1, cov-4.1.0
asyncio: mode=Mode.STRICT
collecting ... collected 1 item

python : 2026-07-08 15:55:34.012456: I tensorflow/core/util/port.cc:153] oneDNN custom operations are on. You may see 
slightly different numerical results due to floating-point round-off errors from different computation orders. To turn 
them off, set the environment variable `TF_ENABLE_ONEDNN_OPTS=0`.
At line:1 char:1
+ python -m pytest tests/test_api.py::TestIncident::test_incident_triag ...
+ ~~~~~~~~~~~~~~~~~~~~~~~~~~~~~~~~~~~~~~~~~~~~~~~~~~~~~~~~~~~~~~~~~~~~~
    + CategoryInfo          : NotSpecified: (2026-07-08 15:5...ONEDNN_OPTS=0`.:String) [], RemoteException
    + FullyQualifiedErrorId : NativeCommandError
 
2026-07-08 15:55:36.584065: I tensorflow/core/util/port.cc:153] oneDNN custom operations are on. You may see slightly 
different numerical results due to floating-point round-off errors from different computation orders. To turn them 
off, set the environment variable `TF_ENABLE_ONEDNN_OPTS=0`.
tests/test_api.py::TestIncident::test_incident_triage_lost_child FAILED

================================== FAILURES ===================================
________________ TestIncident.test_incident_triage_lost_child _________________

self = MemoryObjectReceiveStream(_state=MemoryObjectStreamState(max_buffer_size=0, buffer=deque([]), open_send_channels=0, open_receive_channels=1, waiting_receivers=OrderedDict(), waiting_senders=OrderedDict()), _closed=False)

    async def receive(self) -> T_co:
        await checkpoint()
        try:
>           return self.receive_nowait()

C:\Users\HUAWEI\AppData\Roaming\Python\Python312\site-packages\anyio\streams\memory.py:98: 
_ _ _ _ _ _ _ _ _ _ _ _ _ _ _ _ _ _ _ _ _ _ _ _ _ _ _ _ _ _ _ _ _ _ _ _ _ _ _ _

self = MemoryObjectReceiveStream(_state=MemoryObjectStreamState(max_buffer_size=0, buffer=deque([]), open_send_channels=0, open_receive_channels=1, waiting_receivers=OrderedDict(), waiting_senders=OrderedDict()), _closed=False)

    def receive_nowait(self) -> T_co:
        """
        Receive the next item if it can be done without waiting.
    
        :return: the received item
        :raises ~anyio.ClosedResourceError: if this send stream has been closed
        :raises ~anyio.EndOfStream: if the buffer is empty and this stream has been
            closed from the sending end
        :raises ~anyio.WouldBlock: if there are no items in the buffer and no tasks
            waiting to send
    
        """
        if self._closed:
            raise ClosedResourceError
    
        if self._state.waiting_senders:
            # Get the item from the next sender
            send_event, item = self._state.waiting_senders.popitem(last=False)
            self._state.buffer.append(item)
            send_event.set()
    
        if self._state.buffer:
            return self._state.buffer.popleft()
        elif not self._state.open_send_channels:
            raise EndOfStream
    
>       raise WouldBlock
E       anyio.WouldBlock

C:\Users\HUAWEI\AppData\Roaming\Python\Python312\site-packages\anyio\streams\memory.py:93: WouldBlock

During handling of the above exception, another exception occurred:

request = <starlette.requests.Request object at 0x000001CDB826C2F0>

    async def call_next(request: Request) -> Response:
        app_exc: typing.Optional[Exception] = None
        send_stream, recv_stream = anyio.create_memory_object_stream()
    
        async def receive_or_disconnect() -> Message:
            if response_sent.is_set():
                return {"type": "http.disconnect"}
    
            async with anyio.create_task_group() as task_group:
    
                async def wrap(func: typing.Callable[[], typing.Awaitable[T]]) -> T:
                    result = await func()
                    task_group.cancel_scope.cancel()
                    return result
    
                task_group.start_soon(wrap, response_sent.wait)
                message = await wrap(request.receive)
    
            if response_sent.is_set():
                return {"type": "http.disconnect"}
    
            return message
    
        async def close_recv_stream_on_response_sent() -> None:
            await response_sent.wait()
            recv_stream.close()
    
        async def send_no_error(message: Message) -> None:
            try:
                await send_stream.send(message)
            except anyio.BrokenResourceError:
                # recv_stream has been closed, i.e. response_sent has been set.
                return
    
        async def coro() -> None:
            nonlocal app_exc
    
            async with send_stream:
                try:
                    await self.app(scope, receive_or_disconnect, send_no_error)
                except Exception as exc:
                    app_exc = exc
    
        task_group.start_soon(close_recv_stream_on_response_sent)
        task_group.start_soon(coro)
    
        try:
>           message = await recv_stream.receive()

C:\Users\HUAWEI\AppData\Roaming\Python\Python312\site-packages\starlette\middleware\base.py:78: 
_ _ _ _ _ _ _ _ _ _ _ _ _ _ _ _ _ _ _ _ _ _ _ _ _ _ _ _ _ _ _ _ _ _ _ _ _ _ _ _

self = MemoryObjectReceiveStream(_state=MemoryObjectStreamState(max_buffer_size=0, buffer=deque([]), open_send_channels=0, open_receive_channels=1, waiting_receivers=OrderedDict(), waiting_senders=OrderedDict()), _closed=False)

    async def receive(self) -> T_co:
        await checkpoint()
        try:
            return self.receive_nowait()
        except WouldBlock:
            # Add ourselves in the queue
            receive_event = Event()
            container: list[T_co] = []
            self._state.waiting_receivers[receive_event] = container
    
            try:
                await receive_event.wait()
            except get_cancelled_exc_class():
                # Ignore the immediate cancellation if we already received an item, so as not to
                # lose it
                if not container:
                    raise
            finally:
                self._state.waiting_receivers.pop(receive_event, None)
    
            if container:
                return container[0]
            else:
>               raise EndOfStream
E               anyio.EndOfStream

C:\Users\HUAWEI\AppData\Roaming\Python\Python312\site-packages\anyio\streams\memory.py:118: EndOfStream

During handling of the above exception, another exception occurred:

self = <tests.test_api.TestIncident object at 0x000001CDB8223620>

    def test_incident_triage_lost_child(self):
        """Test critical incident classification ù lost child."""
>       response = client.post(
            "/api/incident",
            json={
                "incident_type": "raw_report",
                "raw_report": "Lost child, approximately 6 years old, red shirt, near Gate A concourse",
                "reporter_id": "volunteer_042",
                "location": "Gate A, Concourse Level 1",
                "language_preferred_response": "en",
            },
        )

tests\test_api.py:180: 
_ _ _ _ _ _ _ _ _ _ _ _ _ _ _ _ _ _ _ _ _ _ _ _ _ _ _ _ _ _ _ _ _ _ _ _ _ _ _ _

self = <starlette.testclient.TestClient object at 0x000001CDB811EFF0>
url = '/api/incident'

    def post(  # type: ignore[override]
        self,
        url: httpx._types.URLTypes,
        *,
        content: typing.Optional[httpx._types.RequestContent] = None,
        data: typing.Optional[_RequestData] = None,
        files: typing.Optional[httpx._types.RequestFiles] = None,
        json: typing.Any = None,
        params: typing.Optional[httpx._types.QueryParamTypes] = None,
        headers: typing.Optional[httpx._types.HeaderTypes] = None,
        cookies: typing.Optional[httpx._types.CookieTypes] = None,
        auth: typing.Union[
            httpx._types.AuthTypes, httpx._client.UseClientDefault
        ] = httpx._client.USE_CLIENT_DEFAULT,
        follow_redirects: typing.Optional[bool] = None,
        allow_redirects: typing.Optional[bool] = None,
        timeout: typing.Union[
            httpx._client.TimeoutTypes, httpx._client.UseClientDefault
        ] = httpx._client.USE_CLIENT_DEFAULT,
        extensions: typing.Optional[typing.Dict[str, typing.Any]] = None,
    ) -> httpx.Response:
        redirect = self._choose_redirect_arg(follow_redirects, allow_redirects)
>       return super().post(
            url,
            content=content,
            data=data,  # type: ignore[arg-type]
            files=files,
            json=json,
            params=params,
            headers=headers,
            cookies=cookies,
            auth=auth,
            follow_redirects=redirect,
            timeout=timeout,
            extensions=extensions,
        )

C:\Users\HUAWEI\AppData\Roaming\Python\Python312\site-packages\starlette\testclient.py:590: 
_ _ _ _ _ _ _ _ _ _ _ _ _ _ _ _ _ _ _ _ _ _ _ _ _ _ _ _ _ _ _ _ _ _ _ _ _ _ _ _

self = <starlette.testclient.TestClient object at 0x000001CDB811EFF0>
url = '/api/incident'

    def post(
        self,
        url: URLTypes,
        *,
        content: typing.Optional[RequestContent] = None,
        data: typing.Optional[RequestData] = None,
        files: typing.Optional[RequestFiles] = None,
        json: typing.Optional[typing.Any] = None,
        params: typing.Optional[QueryParamTypes] = None,
        headers: typing.Optional[HeaderTypes] = None,
        cookies: typing.Optional[CookieTypes] = None,
        auth: typing.Union[AuthTypes, UseClientDefault] = USE_CLIENT_DEFAULT,
        follow_redirects: typing.Union[bool, UseClientDefault] = USE_CLIENT_DEFAULT,
        timeout: typing.Union[TimeoutTypes, UseClientDefault] = USE_CLIENT_DEFAULT,
        extensions: typing.Optional[RequestExtensions] = None,
    ) -> Response:
        """
        Send a `POST` request.
    
        **Parameters**: See `httpx.request`.
        """
>       return self.request(
            "POST",
            url,
            content=content,
            data=data,
            files=files,
            json=json,
            params=params,
            headers=headers,
            cookies=cookies,
            auth=auth,
            follow_redirects=follow_redirects,
            timeout=timeout,
            extensions=extensions,
        )

C:\Users\HUAWEI\AppData\Roaming\Python\Python312\site-packages\httpx\_client.py:1132: 
_ _ _ _ _ _ _ _ _ _ _ _ _ _ _ _ _ _ _ _ _ _ _ _ _ _ _ _ _ _ _ _ _ _ _ _ _ _ _ _

self = <starlette.testclient.TestClient object at 0x000001CDB811EFF0>
method = 'POST', url = URL('http://testserver/api/incident')

    def request(  # type: ignore[override]
        self,
        method: str,
        url: httpx._types.URLTypes,
        *,
        content: typing.Optional[httpx._types.RequestContent] = None,
        data: typing.Optional[_RequestData] = None,
        files: typing.Optional[httpx._types.RequestFiles] = None,
        json: typing.Any = None,
        params: typing.Optional[httpx._types.QueryParamTypes] = None,
        headers: typing.Optional[httpx._types.HeaderTypes] = None,
        cookies: typing.Optional[httpx._types.CookieTypes] = None,
        auth: typing.Union[
            httpx._types.AuthTypes, httpx._client.UseClientDefault
        ] = httpx._client.USE_CLIENT_DEFAULT,
        follow_redirects: typing.Optional[bool] = None,
        allow_redirects: typing.Optional[bool] = None,
        timeout: typing.Union[
            httpx._client.TimeoutTypes, httpx._client.UseClientDefault
        ] = httpx._client.USE_CLIENT_DEFAULT,
        extensions: typing.Optional[typing.Dict[str, typing.Any]] = None,
    ) -> httpx.Response:
        url = self.base_url.join(url)
        redirect = self._choose_redirect_arg(follow_redirects, allow_redirects)
>       return super().request(
            method,
            url,
            content=content,
            data=data,  # type: ignore[arg-type]
            files=files,
            json=json,
            params=params,
            headers=headers,
            cookies=cookies,
            auth=auth,
            follow_redirects=redirect,
            timeout=timeout,
            extensions=extensions,
        )

C:\Users\HUAWEI\AppData\Roaming\Python\Python312\site-packages\starlette\testclient.py:465: 
_ _ _ _ _ _ _ _ _ _ _ _ _ _ _ _ _ _ _ _ _ _ _ _ _ _ _ _ _ _ _ _ _ _ _ _ _ _ _ _

self = <starlette.testclient.TestClient object at 0x000001CDB811EFF0>
method = 'POST', url = URL('http://testserver/api/incident')

    def request(
        self,
        method: str,
        url: URLTypes,
        *,
        content: typing.Optional[RequestContent] = None,
        data: typing.Optional[RequestData] = None,
        files: typing.Optional[RequestFiles] = None,
        json: typing.Optional[typing.Any] = None,
        params: typing.Optional[QueryParamTypes] = None,
        headers: typing.Optional[HeaderTypes] = None,
        cookies: typing.Optional[CookieTypes] = None,
        auth: typing.Union[AuthTypes, UseClientDefault, None] = USE_CLIENT_DEFAULT,
        follow_redirects: typing.Union[bool, UseClientDefault] = USE_CLIENT_DEFAULT,
        timeout: typing.Union[TimeoutTypes, UseClientDefault] = USE_CLIENT_DEFAULT,
        extensions: typing.Optional[RequestExtensions] = None,
    ) -> Response:
        """
        Build and send a request.
    
        Equivalent to:
    
        ```python
        request = client.build_request(...)
        response = client.send(request, ...)
        ```
    
        See `Client.build_request()`, `Client.send()` and
        [Merging of configuration][0] for how the various parameters
        are merged with client-level configuration.
    
        [0]: /advanced/#merging-of-configuration
        """
        if cookies is not None:
            message = (
                "Setting per-request cookies=<...> is being deprecated, because "
                "the expected behaviour on cookie persistence is ambiguous. Set "
                "cookies directly on the client instance instead."
            )
            warnings.warn(message, DeprecationWarning)
    
        request = self.build_request(
            method=method,
            url=url,
            content=content,
            data=data,
            files=files,
            json=json,
            params=params,
            headers=headers,
            cookies=cookies,
            timeout=timeout,
            extensions=extensions,
        )
>       return self.send(request, auth=auth, follow_redirects=follow_redirects)

C:\Users\HUAWEI\AppData\Roaming\Python\Python312\site-packages\httpx\_client.py:814: 
_ _ _ _ _ _ _ _ _ _ _ _ _ _ _ _ _ _ _ _ _ _ _ _ _ _ _ _ _ _ _ _ _ _ _ _ _ _ _ _

self = <starlette.testclient.TestClient object at 0x000001CDB811EFF0>
request = <Request('POST', 'http://testserver/api/incident')>

    def send(
        self,
        request: Request,
        *,
        stream: bool = False,
        auth: typing.Union[AuthTypes, UseClientDefault, None] = USE_CLIENT_DEFAULT,
        follow_redirects: typing.Union[bool, UseClientDefault] = USE_CLIENT_DEFAULT,
    ) -> Response:
        """
        Send a request.
    
        The request is sent as-is, unmodified.
    
        Typically you'll want to build one with `Client.build_request()`
        so that any client-level configuration is merged into the request,
        but passing an explicit `httpx.Request()` is supported as well.
    
        See also: [Request instances][0]
    
        [0]: /advanced/#request-instances
        """
        if self._state == ClientState.CLOSED:
            raise RuntimeError("Cannot send a request, as the client has been closed.")
    
        self._state = ClientState.OPENED
        follow_redirects = (
            self.follow_redirects
            if isinstance(follow_redirects, UseClientDefault)
            else follow_redirects
        )
    
        auth = self._build_request_auth(request, auth)
    
>       response = self._send_handling_auth(
            request,
            auth=auth,
            follow_redirects=follow_redirects,
            history=[],
        )

C:\Users\HUAWEI\AppData\Roaming\Python\Python312\site-packages\httpx\_client.py:901: 
_ _ _ _ _ _ _ _ _ _ _ _ _ _ _ _ _ _ _ _ _ _ _ _ _ _ _ _ _ _ _ _ _ _ _ _ _ _ _ _

self = <starlette.testclient.TestClient object at 0x000001CDB811EFF0>
request = <Request('POST', 'http://testserver/api/incident')>
auth = <httpx.Auth object at 0x000001CDB7D264B0>, follow_redirects = True
history = []

    def _send_handling_auth(
        self,
        request: Request,
        auth: Auth,
        follow_redirects: bool,
        history: typing.List[Response],
    ) -> Response:
        auth_flow = auth.sync_auth_flow(request)
        try:
            request = next(auth_flow)
    
            while True:
>               response = self._send_handling_redirects(
                    request,
                    follow_redirects=follow_redirects,
                    history=history,
                )

C:\Users\HUAWEI\AppData\Roaming\Python\Python312\site-packages\httpx\_client.py:929: 
_ _ _ _ _ _ _ _ _ _ _ _ _ _ _ _ _ _ _ _ _ _ _ _ _ _ _ _ _ _ _ _ _ _ _ _ _ _ _ _

self = <starlette.testclient.TestClient object at 0x000001CDB811EFF0>
request = <Request('POST', 'http://testserver/api/incident')>
follow_redirects = True, history = []

    def _send_handling_redirects(
        self,
        request: Request,
        follow_redirects: bool,
        history: typing.List[Response],
    ) -> Response:
        while True:
            if len(history) > self.max_redirects:
                raise TooManyRedirects(
                    "Exceeded maximum allowed redirects.", request=request
                )
    
            for hook in self._event_hooks["request"]:
                hook(request)
    
>           response = self._send_single_request(request)

C:\Users\HUAWEI\AppData\Roaming\Python\Python312\site-packages\httpx\_client.py:966: 
_ _ _ _ _ _ _ _ _ _ _ _ _ _ _ _ _ _ _ _ _ _ _ _ _ _ _ _ _ _ _ _ _ _ _ _ _ _ _ _

self = <starlette.testclient.TestClient object at 0x000001CDB811EFF0>
request = <Request('POST', 'http://testserver/api/incident')>

    def _send_single_request(self, request: Request) -> Response:
        """
        Sends a single request, without handling any redirections.
        """
        transport = self._transport_for_url(request.url)
        timer = Timer()
        timer.sync_start()
    
        if not isinstance(request.stream, SyncByteStream):
            raise RuntimeError(
                "Attempted to send an async request with a sync Client instance."
            )
    
        with request_context(request=request):
>           response = transport.handle_request(request)

C:\Users\HUAWEI\AppData\Roaming\Python\Python312\site-packages\httpx\_client.py:1002: 
_ _ _ _ _ _ _ _ _ _ _ _ _ _ _ _ _ _ _ _ _ _ _ _ _ _ _ _ _ _ _ _ _ _ _ _ _ _ _ _

self = <starlette.testclient._TestClientTransport object at 0x000001CDB648D490>
request = <Request('POST', 'http://testserver/api/incident')>

    def handle_request(self, request: httpx.Request) -> httpx.Response:
        scheme = request.url.scheme
        netloc = request.url.netloc.decode(encoding="ascii")
        path = request.url.path
        raw_path = request.url.raw_path
        query = request.url.query.decode(encoding="ascii")
    
        default_port = {"http": 80, "ws": 80, "https": 443, "wss": 443}[scheme]
    
        if ":" in netloc:
            host, port_string = netloc.split(":", 1)
            port = int(port_string)
        else:
            host = netloc
            port = default_port
    
        # Include the 'host' header.
        if "host" in request.headers:
            headers: typing.List[typing.Tuple[bytes, bytes]] = []
        elif port == default_port:  # pragma: no cover
            headers = [(b"host", host.encode())]
        else:  # pragma: no cover
            headers = [(b"host", (f"{host}:{port}").encode())]
    
        # Include other request headers.
        headers += [
            (key.lower().encode(), value.encode())
            for key, value in request.headers.items()
        ]
    
        scope: typing.Dict[str, typing.Any]
    
        if scheme in {"ws", "wss"}:
            subprotocol = request.headers.get("sec-websocket-protocol", None)
            if subprotocol is None:
                subprotocols: typing.Sequence[str] = []
            else:
                subprotocols = [value.strip() for value in subprotocol.split(",")]
            scope = {
                "type": "websocket",
                "path": unquote(path),
                "raw_path": raw_path,
                "root_path": self.root_path,
                "scheme": scheme,
                "query_string": query.encode(),
                "headers": headers,
                "client": ["testclient", 50000],
                "server": [host, port],
                "subprotocols": subprotocols,
                "state": self.app_state.copy(),
            }
            session = WebSocketTestSession(self.app, scope, self.portal_factory)
            raise _Upgrade(session)
    
        scope = {
            "type": "http",
            "http_version": "1.1",
            "method": request.method,
            "path": unquote(path),
            "raw_path": raw_path,
            "root_path": self.root_path,
            "scheme": scheme,
            "query_string": query.encode(),
            "headers": headers,
            "client": ["testclient", 50000],
            "server": [host, port],
            "extensions": {"http.response.debug": {}},
            "state": self.app_state.copy(),
        }
    
        request_complete = False
        response_started = False
        response_complete: anyio.Event
        raw_kwargs: typing.Dict[str, typing.Any] = {"stream": io.BytesIO()}
        template = None
        context = None
    
        async def receive() -> Message:
            nonlocal request_complete
    
            if request_complete:
                if not response_complete.is_set():
                    await response_complete.wait()
                return {"type": "http.disconnect"}
    
            body = request.read()
            if isinstance(body, str):
                body_bytes: bytes = body.encode("utf-8")  # pragma: no cover
            elif body is None:
                body_bytes = b""  # pragma: no cover
            elif isinstance(body, GeneratorType):
                try:  # pragma: no cover
                    chunk = body.send(None)
                    if isinstance(chunk, str):
                        chunk = chunk.encode("utf-8")
                    return {"type": "http.request", "body": chunk, "more_body": True}
                except StopIteration:  # pragma: no cover
                    request_complete = True
                    return {"type": "http.request", "body": b""}
            else:
                body_bytes = body
    
            request_complete = True
            return {"type": "http.request", "body": body_bytes}
    
        async def send(message: Message) -> None:
            nonlocal raw_kwargs, response_started, template, context
    
            if message["type"] == "http.response.start":
                assert (
                    not response_started
                ), 'Received multiple "http.response.start" messages.'
                raw_kwargs["status_code"] = message["status"]
                raw_kwargs["headers"] = [
                    (key.decode(), value.decode())
                    for key, value in message.get("headers", [])
                ]
                response_started = True
            elif message["type"] == "http.response.body":
                assert (
                    response_started
                ), 'Received "http.response.body" without "http.response.start".'
                assert (
                    not response_complete.is_set()
                ), 'Received "http.response.body" after response completed.'
                body = message.get("body", b"")
                more_body = message.get("more_body", False)
                if request.method != "HEAD":
                    raw_kwargs["stream"].write(body)
                if not more_body:
                    raw_kwargs["stream"].seek(0)
                    response_complete.set()
            elif message["type"] == "http.response.debug":
                template = message["info"]["template"]
                context = message["info"]["context"]
    
        try:
            with self.portal_factory() as portal:
                response_complete = portal.call(anyio.Event)
                portal.call(self.app, scope, receive, send)
        except BaseException as exc:
            if self.raise_server_exceptions:
>               raise exc

C:\Users\HUAWEI\AppData\Roaming\Python\Python312\site-packages\starlette\testclient.py:342: 
_ _ _ _ _ _ _ _ _ _ _ _ _ _ _ _ _ _ _ _ _ _ _ _ _ _ _ _ _ _ _ _ _ _ _ _ _ _ _ _

self = <starlette.testclient._TestClientTransport object at 0x000001CDB648D490>
request = <Request('POST', 'http://testserver/api/incident')>

    def handle_request(self, request: httpx.Request) -> httpx.Response:
        scheme = request.url.scheme
        netloc = request.url.netloc.decode(encoding="ascii")
        path = request.url.path
        raw_path = request.url.raw_path
        query = request.url.query.decode(encoding="ascii")
    
        default_port = {"http": 80, "ws": 80, "https": 443, "wss": 443}[scheme]
    
        if ":" in netloc:
            host, port_string = netloc.split(":", 1)
            port = int(port_string)
        else:
            host = netloc
            port = default_port
    
        # Include the 'host' header.
        if "host" in request.headers:
            headers: typing.List[typing.Tuple[bytes, bytes]] = []
        elif port == default_port:  # pragma: no cover
            headers = [(b"host", host.encode())]
        else:  # pragma: no cover
            headers = [(b"host", (f"{host}:{port}").encode())]
    
        # Include other request headers.
        headers += [
            (key.lower().encode(), value.encode())
            for key, value in request.headers.items()
        ]
    
        scope: typing.Dict[str, typing.Any]
    
        if scheme in {"ws", "wss"}:
            subprotocol = request.headers.get("sec-websocket-protocol", None)
            if subprotocol is None:
                subprotocols: typing.Sequence[str] = []
            else:
                subprotocols = [value.strip() for value in subprotocol.split(",")]
            scope = {
                "type": "websocket",
                "path": unquote(path),
                "raw_path": raw_path,
                "root_path": self.root_path,
                "scheme": scheme,
                "query_string": query.encode(),
                "headers": headers,
                "client": ["testclient", 50000],
                "server": [host, port],
                "subprotocols": subprotocols,
                "state": self.app_state.copy(),
            }
            session = WebSocketTestSession(self.app, scope, self.portal_factory)
            raise _Upgrade(session)
    
        scope = {
            "type": "http",
            "http_version": "1.1",
            "method": request.method,
            "path": unquote(path),
            "raw_path": raw_path,
            "root_path": self.root_path,
            "scheme": scheme,
            "query_string": query.encode(),
            "headers": headers,
            "client": ["testclient", 50000],
            "server": [host, port],
            "extensions": {"http.response.debug": {}},
            "state": self.app_state.copy(),
        }
    
        request_complete = False
        response_started = False
        response_complete: anyio.Event
        raw_kwargs: typing.Dict[str, typing.Any] = {"stream": io.BytesIO()}
        template = None
        context = None
    
        async def receive() -> Message:
            nonlocal request_complete
    
            if request_complete:
                if not response_complete.is_set():
                    await response_complete.wait()
                return {"type": "http.disconnect"}
    
            body = request.read()
            if isinstance(body, str):
                body_bytes: bytes = body.encode("utf-8")  # pragma: no cover
            elif body is None:
                body_bytes = b""  # pragma: no cover
            elif isinstance(body, GeneratorType):
                try:  # pragma: no cover
                    chunk = body.send(None)
                    if isinstance(chunk, str):
                        chunk = chunk.encode("utf-8")
                    return {"type": "http.request", "body": chunk, "more_body": True}
                except StopIteration:  # pragma: no cover
                    request_complete = True
                    return {"type": "http.request", "body": b""}
            else:
                body_bytes = body
    
            request_complete = True
            return {"type": "http.request", "body": body_bytes}
    
        async def send(message: Message) -> None:
            nonlocal raw_kwargs, response_started, template, context
    
            if message["type"] == "http.response.start":
                assert (
                    not response_started
                ), 'Received multiple "http.response.start" messages.'
                raw_kwargs["status_code"] = message["status"]
                raw_kwargs["headers"] = [
                    (key.decode(), value.decode())
                    for key, value in message.get("headers", [])
                ]
                response_started = True
            elif message["type"] == "http.response.body":
                assert (
                    response_started
                ), 'Received "http.response.body" without "http.response.start".'
                assert (
                    not response_complete.is_set()
                ), 'Received "http.response.body" after response completed.'
                body = message.get("body", b"")
                more_body = message.get("more_body", False)
                if request.method != "HEAD":
                    raw_kwargs["stream"].write(body)
                if not more_body:
                    raw_kwargs["stream"].seek(0)
                    response_complete.set()
            elif message["type"] == "http.response.debug":
                template = message["info"]["template"]
                context = message["info"]["context"]
    
        try:
            with self.portal_factory() as portal:
                response_complete = portal.call(anyio.Event)
>               portal.call(self.app, scope, receive, send)

C:\Users\HUAWEI\AppData\Roaming\Python\Python312\site-packages\starlette\testclient.py:339: 
_ _ _ _ _ _ _ _ _ _ _ _ _ _ _ _ _ _ _ _ _ _ _ _ _ _ _ _ _ _ _ _ _ _ _ _ _ _ _ _

self = <anyio._backends._asyncio.BlockingPortal object at 0x000001CDB8249010>
func = <fastapi.applications.FastAPI object at 0x000001CDB7ECD820>
args = ({'app': <fastapi.applications.FastAPI object at 0x000001CDB7ECD820>, 'client': ['testclient', 50000], 'endpoint': <fu...ls>.receive at 0x000001CDB82654E0>, <function _TestClientTransport.handle_request.<locals>.send at 0x000001CDB8265440>)

    def call(
        self, func: Callable[..., Awaitable[T_Retval] | T_Retval], *args: object
    ) -> T_Retval:
        """
        Call the given function in the event loop thread.
    
        If the callable returns a coroutine object, it is awaited on.
    
        :param func: any callable
        :raises RuntimeError: if the portal is not running or if this method is called from within
            the event loop thread
    
        """
>       return cast(T_Retval, self.start_task_soon(func, *args).result())

C:\Users\HUAWEI\AppData\Roaming\Python\Python312\site-packages\anyio\from_thread.py:277: 
_ _ _ _ _ _ _ _ _ _ _ _ _ _ _ _ _ _ _ _ _ _ _ _ _ _ _ _ _ _ _ _ _ _ _ _ _ _ _ _

self = None, timeout = None

    def result(self, timeout=None):
        """Return the result of the call that the future represents.
    
        Args:
            timeout: The number of seconds to wait for the result if the future
                isn't done. If None, then there is no limit on the wait time.
    
        Returns:
            The result of the call that the future represents.
    
        Raises:
            CancelledError: If the future was cancelled.
            TimeoutError: If the future didn't finish executing before the given
                timeout.
            Exception: If the call raised then that exception will be raised.
        """
        try:
            with self._condition:
                if self._state in [CANCELLED, CANCELLED_AND_NOTIFIED]:
                    raise CancelledError()
                elif self._state == FINISHED:
                    return self.__get_result()
    
                self._condition.wait(timeout)
    
                if self._state in [CANCELLED, CANCELLED_AND_NOTIFIED]:
                    raise CancelledError()
                elif self._state == FINISHED:
>                   return self.__get_result()

C:\Python312\Lib\concurrent\futures\_base.py:456: 
_ _ _ _ _ _ _ _ _ _ _ _ _ _ _ _ _ _ _ _ _ _ _ _ _ _ _ _ _ _ _ _ _ _ _ _ _ _ _ _

self = None

    def __get_result(self):
        if self._exception:
            try:
>               raise self._exception

C:\Python312\Lib\concurrent\futures\_base.py:401: 
_ _ _ _ _ _ _ _ _ _ _ _ _ _ _ _ _ _ _ _ _ _ _ _ _ _ _ _ _ _ _ _ _ _ _ _ _ _ _ _

self = <anyio._backends._asyncio.BlockingPortal object at 0x000001CDB8249010>
func = <fastapi.applications.FastAPI object at 0x000001CDB7ECD820>
args = ({'app': <fastapi.applications.FastAPI object at 0x000001CDB7ECD820>, 'client': ['testclient', 50000], 'endpoint': <fu...ls>.receive at 0x000001CDB82654E0>, <function _TestClientTransport.handle_request.<locals>.send at 0x000001CDB8265440>)
kwargs = {}, future = <Future at 0x1cdb60212b0 state=finished raised TypeError>

    async def _call_func(
        self, func: Callable, args: tuple, kwargs: dict[str, Any], future: Future
    ) -> None:
        def callback(f: Future) -> None:
            if f.cancelled() and self._event_loop_thread_id not in (
                None,
                threading.get_ident(),
            ):
                self.call(scope.cancel)
    
        try:
            retval = func(*args, **kwargs)
            if iscoroutine(retval):
                with CancelScope() as scope:
                    if future.cancelled():
                        scope.cancel()
                    else:
                        future.add_done_callback(callback)
    
>                   retval = await retval

C:\Users\HUAWEI\AppData\Roaming\Python\Python312\site-packages\anyio\from_thread.py:217: 
_ _ _ _ _ _ _ _ _ _ _ _ _ _ _ _ _ _ _ _ _ _ _ _ _ _ _ _ _ _ _ _ _ _ _ _ _ _ _ _

self = <fastapi.applications.FastAPI object at 0x000001CDB7ECD820>
scope = {'app': <fastapi.applications.FastAPI object at 0x000001CDB7ECD820>, 'client': ['testclient', 50000], 'endpoint': <function triage_incident at 0x000001CDB813E0C0>, 'extensions': {'http.response.debug': {}}, ...}
receive = <function _TestClientTransport.handle_request.<locals>.receive at 0x000001CDB82654E0>
send = <function _TestClientTransport.handle_request.<locals>.send at 0x000001CDB8265440>

    async def __call__(self, scope: Scope, receive: Receive, send: Send) -> None:
        if self.root_path:
            scope["root_path"] = self.root_path
>       await super().__call__(scope, receive, send)

C:\Users\HUAWEI\AppData\Roaming\Python\Python312\site-packages\fastapi\applications.py:1106: 
_ _ _ _ _ _ _ _ _ _ _ _ _ _ _ _ _ _ _ _ _ _ _ _ _ _ _ _ _ _ _ _ _ _ _ _ _ _ _ _

self = <fastapi.applications.FastAPI object at 0x000001CDB7ECD820>
scope = {'app': <fastapi.applications.FastAPI object at 0x000001CDB7ECD820>, 'client': ['testclient', 50000], 'endpoint': <function triage_incident at 0x000001CDB813E0C0>, 'extensions': {'http.response.debug': {}}, ...}
receive = <function _TestClientTransport.handle_request.<locals>.receive at 0x000001CDB82654E0>
send = <function _TestClientTransport.handle_request.<locals>.send at 0x000001CDB8265440>

    async def __call__(self, scope: Scope, receive: Receive, send: Send) -> None:
        scope["app"] = self
        if self.middleware_stack is None:
            self.middleware_stack = self.build_middleware_stack()
>       await self.middleware_stack(scope, receive, send)

C:\Users\HUAWEI\AppData\Roaming\Python\Python312\site-packages\starlette\applications.py:122: 
_ _ _ _ _ _ _ _ _ _ _ _ _ _ _ _ _ _ _ _ _ _ _ _ _ _ _ _ _ _ _ _ _ _ _ _ _ _ _ _

self = <starlette.middleware.errors.ServerErrorMiddleware object at 0x000001CDB826C170>
scope = {'app': <fastapi.applications.FastAPI object at 0x000001CDB7ECD820>, 'client': ['testclient', 50000], 'endpoint': <function triage_incident at 0x000001CDB813E0C0>, 'extensions': {'http.response.debug': {}}, ...}
receive = <function _TestClientTransport.handle_request.<locals>.receive at 0x000001CDB82654E0>
send = <function _TestClientTransport.handle_request.<locals>.send at 0x000001CDB8265440>

    async def __call__(self, scope: Scope, receive: Receive, send: Send) -> None:
        if scope["type"] != "http":
            await self.app(scope, receive, send)
            return
    
        response_started = False
    
        async def _send(message: Message) -> None:
            nonlocal response_started, send
    
            if message["type"] == "http.response.start":
                response_started = True
            await send(message)
    
        try:
            await self.app(scope, receive, _send)
        except Exception as exc:
            request = Request(scope)
            if self.debug:
                # In debug mode, return traceback responses.
                response = self.debug_response(request, exc)
            elif self.handler is None:
                # Use our default 500 error handler.
                response = self.error_response(request, exc)
            else:
                # Use an installed 500 error handler.
                if is_async_callable(self.handler):
                    response = await self.handler(request, exc)
                else:
                    response = await run_in_threadpool(self.handler, request, exc)
    
            if not response_started:
                await response(scope, receive, send)
    
            # We always continue to raise the exception.
            # This allows servers to log the error, or allows test clients
            # to optionally raise the error within the test case.
>           raise exc

C:\Users\HUAWEI\AppData\Roaming\Python\Python312\site-packages\starlette\middleware\errors.py:184: 
_ _ _ _ _ _ _ _ _ _ _ _ _ _ _ _ _ _ _ _ _ _ _ _ _ _ _ _ _ _ _ _ _ _ _ _ _ _ _ _

self = <starlette.middleware.errors.ServerErrorMiddleware object at 0x000001CDB826C170>
scope = {'app': <fastapi.applications.FastAPI object at 0x000001CDB7ECD820>, 'client': ['testclient', 50000], 'endpoint': <function triage_incident at 0x000001CDB813E0C0>, 'extensions': {'http.response.debug': {}}, ...}
receive = <function _TestClientTransport.handle_request.<locals>.receive at 0x000001CDB82654E0>
send = <function _TestClientTransport.handle_request.<locals>.send at 0x000001CDB8265440>

    async def __call__(self, scope: Scope, receive: Receive, send: Send) -> None:
        if scope["type"] != "http":
            await self.app(scope, receive, send)
            return
    
        response_started = False
    
        async def _send(message: Message) -> None:
            nonlocal response_started, send
    
            if message["type"] == "http.response.start":
                response_started = True
            await send(message)
    
        try:
>           await self.app(scope, receive, _send)

C:\Users\HUAWEI\AppData\Roaming\Python\Python312\site-packages\starlette\middleware\errors.py:162: 
_ _ _ _ _ _ _ _ _ _ _ _ _ _ _ _ _ _ _ _ _ _ _ _ _ _ _ _ _ _ _ _ _ _ _ _ _ _ _ _

self = <starlette.middleware.base.BaseHTTPMiddleware object at 0x000001CDB4243A10>
scope = {'app': <fastapi.applications.FastAPI object at 0x000001CDB7ECD820>, 'client': ['testclient', 50000], 'endpoint': <function triage_incident at 0x000001CDB813E0C0>, 'extensions': {'http.response.debug': {}}, ...}
receive = <function _TestClientTransport.handle_request.<locals>.receive at 0x000001CDB82654E0>
send = <function ServerErrorMiddleware.__call__.<locals>._send at 0x000001CDB835FA60>

    async def __call__(self, scope: Scope, receive: Receive, send: Send) -> None:
        if scope["type"] != "http":
            await self.app(scope, receive, send)
            return
    
        response_sent = anyio.Event()
    
        async def call_next(request: Request) -> Response:
            app_exc: typing.Optional[Exception] = None
            send_stream, recv_stream = anyio.create_memory_object_stream()
    
            async def receive_or_disconnect() -> Message:
                if response_sent.is_set():
                    return {"type": "http.disconnect"}
    
                async with anyio.create_task_group() as task_group:
    
                    async def wrap(func: typing.Callable[[], typing.Awaitable[T]]) -> T:
                        result = await func()
                        task_group.cancel_scope.cancel()
                        return result
    
                    task_group.start_soon(wrap, response_sent.wait)
                    message = await wrap(request.receive)
    
                if response_sent.is_set():
                    return {"type": "http.disconnect"}
    
                return message
    
            async def close_recv_stream_on_response_sent() -> None:
                await response_sent.wait()
                recv_stream.close()
    
            async def send_no_error(message: Message) -> None:
                try:
                    await send_stream.send(message)
                except anyio.BrokenResourceError:
                    # recv_stream has been closed, i.e. response_sent has been set.
                    return
    
            async def coro() -> None:
                nonlocal app_exc
    
                async with send_stream:
                    try:
                        await self.app(scope, receive_or_disconnect, send_no_error)
                    except Exception as exc:
                        app_exc = exc
    
            task_group.start_soon(close_recv_stream_on_response_sent)
            task_group.start_soon(coro)
    
            try:
                message = await recv_stream.receive()
                info = message.get("info", None)
                if message["type"] == "http.response.debug" and info is not None:
                    message = await recv_stream.receive()
            except anyio.EndOfStream:
                if app_exc is not None:
                    raise app_exc
                raise RuntimeError("No response returned.")
    
            assert message["type"] == "http.response.start"
    
            async def body_stream() -> typing.AsyncGenerator[bytes, None]:
                async with recv_stream:
                    async for message in recv_stream:
                        assert message["type"] == "http.response.body"
                        body = message.get("body", b"")
                        if body:
                            yield body
    
                if app_exc is not None:
                    raise app_exc
    
            response = _StreamingResponse(
                status_code=message["status"], content=body_stream(), info=info
            )
            response.raw_headers = message["headers"]
            return response
    
        async with anyio.create_task_group() as task_group:
            request = Request(scope, receive=receive)
>           response = await self.dispatch_func(request, call_next)

C:\Users\HUAWEI\AppData\Roaming\Python\Python312\site-packages\starlette\middleware\base.py:108: 
_ _ _ _ _ _ _ _ _ _ _ _ _ _ _ _ _ _ _ _ _ _ _ _ _ _ _ _ _ _ _ _ _ _ _ _ _ _ _ _

request = <starlette.requests.Request object at 0x000001CDB826C2F0>
call_next = <function BaseHTTPMiddleware.__call__.<locals>.call_next at 0x000001CDB835FBA0>

    @app.middleware("http")
    async def count_requests(request: Request, call_next):
        global _request_count
        _request_count += 1
>       response = await call_next(request)

app\main.py:64: 
_ _ _ _ _ _ _ _ _ _ _ _ _ _ _ _ _ _ _ _ _ _ _ _ _ _ _ _ _ _ _ _ _ _ _ _ _ _ _ _

request = <starlette.requests.Request object at 0x000001CDB826C2F0>

    async def call_next(request: Request) -> Response:
        app_exc: typing.Optional[Exception] = None
        send_stream, recv_stream = anyio.create_memory_object_stream()
    
        async def receive_or_disconnect() -> Message:
            if response_sent.is_set():
                return {"type": "http.disconnect"}
    
            async with anyio.create_task_group() as task_group:
    
                async def wrap(func: typing.Callable[[], typing.Awaitable[T]]) -> T:
                    result = await func()
                    task_group.cancel_scope.cancel()
                    return result
    
                task_group.start_soon(wrap, response_sent.wait)
                message = await wrap(request.receive)
    
            if response_sent.is_set():
                return {"type": "http.disconnect"}
    
            return message
    
        async def close_recv_stream_on_response_sent() -> None:
            await response_sent.wait()
            recv_stream.close()
    
        async def send_no_error(message: Message) -> None:
            try:
                await send_stream.send(message)
            except anyio.BrokenResourceError:
                # recv_stream has been closed, i.e. response_sent has been set.
                return
    
        async def coro() -> None:
            nonlocal app_exc
    
            async with send_stream:
                try:
                    await self.app(scope, receive_or_disconnect, send_no_error)
                except Exception as exc:
                    app_exc = exc
    
        task_group.start_soon(close_recv_stream_on_response_sent)
        task_group.start_soon(coro)
    
        try:
            message = await recv_stream.receive()
            info = message.get("info", None)
            if message["type"] == "http.response.debug" and info is not None:
                message = await recv_stream.receive()
        except anyio.EndOfStream:
            if app_exc is not None:
>               raise app_exc

C:\Users\HUAWEI\AppData\Roaming\Python\Python312\site-packages\starlette\middleware\base.py:84: 
_ _ _ _ _ _ _ _ _ _ _ _ _ _ _ _ _ _ _ _ _ _ _ _ _ _ _ _ _ _ _ _ _ _ _ _ _ _ _ _

    async def coro() -> None:
        nonlocal app_exc
    
        async with send_stream:
            try:
>               await self.app(scope, receive_or_disconnect, send_no_error)

C:\Users\HUAWEI\AppData\Roaming\Python\Python312\site-packages\starlette\middleware\base.py:70: 
_ _ _ _ _ _ _ _ _ _ _ _ _ _ _ _ _ _ _ _ _ _ _ _ _ _ _ _ _ _ _ _ _ _ _ _ _ _ _ _

self = <starlette.middleware.cors.CORSMiddleware object at 0x000001CDB826C110>
scope = {'app': <fastapi.applications.FastAPI object at 0x000001CDB7ECD820>, 'client': ['testclient', 50000], 'endpoint': <function triage_incident at 0x000001CDB813E0C0>, 'extensions': {'http.response.debug': {}}, ...}
receive = <function BaseHTTPMiddleware.__call__.<locals>.call_next.<locals>.receive_or_disconnect at 0x000001CDB835FC40>
send = <function BaseHTTPMiddleware.__call__.<locals>.call_next.<locals>.send_no_error at 0x000001CDB835FD80>

    async def __call__(self, scope: Scope, receive: Receive, send: Send) -> None:
        if scope["type"] != "http":  # pragma: no cover
            await self.app(scope, receive, send)
            return
    
        method = scope["method"]
        headers = Headers(scope=scope)
        origin = headers.get("origin")
    
        if origin is None:
>           await self.app(scope, receive, send)

C:\Users\HUAWEI\AppData\Roaming\Python\Python312\site-packages\starlette\middleware\cors.py:83: 
_ _ _ _ _ _ _ _ _ _ _ _ _ _ _ _ _ _ _ _ _ _ _ _ _ _ _ _ _ _ _ _ _ _ _ _ _ _ _ _

self = <starlette.middleware.exceptions.ExceptionMiddleware object at 0x000001CDB826C050>
scope = {'app': <fastapi.applications.FastAPI object at 0x000001CDB7ECD820>, 'client': ['testclient', 50000], 'endpoint': <function triage_incident at 0x000001CDB813E0C0>, 'extensions': {'http.response.debug': {}}, ...}
receive = <function BaseHTTPMiddleware.__call__.<locals>.call_next.<locals>.receive_or_disconnect at 0x000001CDB835FC40>
send = <function BaseHTTPMiddleware.__call__.<locals>.call_next.<locals>.send_no_error at 0x000001CDB835FD80>

    async def __call__(self, scope: Scope, receive: Receive, send: Send) -> None:
        if scope["type"] not in ("http", "websocket"):
            await self.app(scope, receive, send)
            return
    
        response_started = False
    
        async def sender(message: Message) -> None:
            nonlocal response_started
    
            if message["type"] == "http.response.start":
                response_started = True
            await send(message)
    
        try:
            await self.app(scope, receive, sender)
        except Exception as exc:
            handler = None
    
            if isinstance(exc, HTTPException):
                handler = self._status_handlers.get(exc.status_code)
    
            if handler is None:
                handler = self._lookup_exception_handler(exc)
    
            if handler is None:
>               raise exc

C:\Users\HUAWEI\AppData\Roaming\Python\Python312\site-packages\starlette\middleware\exceptions.py:79: 
_ _ _ _ _ _ _ _ _ _ _ _ _ _ _ _ _ _ _ _ _ _ _ _ _ _ _ _ _ _ _ _ _ _ _ _ _ _ _ _

self = <starlette.middleware.exceptions.ExceptionMiddleware object at 0x000001CDB826C050>
scope = {'app': <fastapi.applications.FastAPI object at 0x000001CDB7ECD820>, 'client': ['testclient', 50000], 'endpoint': <function triage_incident at 0x000001CDB813E0C0>, 'extensions': {'http.response.debug': {}}, ...}
receive = <function BaseHTTPMiddleware.__call__.<locals>.call_next.<locals>.receive_or_disconnect at 0x000001CDB835FC40>
send = <function BaseHTTPMiddleware.__call__.<locals>.call_next.<locals>.send_no_error at 0x000001CDB835FD80>

    async def __call__(self, scope: Scope, receive: Receive, send: Send) -> None:
        if scope["type"] not in ("http", "websocket"):
            await self.app(scope, receive, send)
            return
    
        response_started = False
    
        async def sender(message: Message) -> None:
            nonlocal response_started
    
            if message["type"] == "http.response.start":
                response_started = True
            await send(message)
    
        try:
>           await self.app(scope, receive, sender)

C:\Users\HUAWEI\AppData\Roaming\Python\Python312\site-packages\starlette\middleware\exceptions.py:68: 
_ _ _ _ _ _ _ _ _ _ _ _ _ _ _ _ _ _ _ _ _ _ _ _ _ _ _ _ _ _ _ _ _ _ _ _ _ _ _ _

self = <fastapi.middleware.asyncexitstack.AsyncExitStackMiddleware object at 0x000001CDB824BEC0>
scope = {'app': <fastapi.applications.FastAPI object at 0x000001CDB7ECD820>, 'client': ['testclient', 50000], 'endpoint': <function triage_incident at 0x000001CDB813E0C0>, 'extensions': {'http.response.debug': {}}, ...}
receive = <function BaseHTTPMiddleware.__call__.<locals>.call_next.<locals>.receive_or_disconnect at 0x000001CDB835FC40>
send = <function ExceptionMiddleware.__call__.<locals>.sender at 0x000001CDB83640E0>

    async def __call__(self, scope: Scope, receive: Receive, send: Send) -> None:
        dependency_exception: Optional[Exception] = None
        async with AsyncExitStack() as stack:
            scope[self.context_name] = stack
            try:
                await self.app(scope, receive, send)
            except Exception as e:
                dependency_exception = e
>               raise e

C:\Users\HUAWEI\AppData\Roaming\Python\Python312\site-packages\fastapi\middleware\asyncexitstack.py:20: 
_ _ _ _ _ _ _ _ _ _ _ _ _ _ _ _ _ _ _ _ _ _ _ _ _ _ _ _ _ _ _ _ _ _ _ _ _ _ _ _

self = <fastapi.middleware.asyncexitstack.AsyncExitStackMiddleware object at 0x000001CDB824BEC0>
scope = {'app': <fastapi.applications.FastAPI object at 0x000001CDB7ECD820>, 'client': ['testclient', 50000], 'endpoint': <function triage_incident at 0x000001CDB813E0C0>, 'extensions': {'http.response.debug': {}}, ...}
receive = <function BaseHTTPMiddleware.__call__.<locals>.call_next.<locals>.receive_or_disconnect at 0x000001CDB835FC40>
send = <function ExceptionMiddleware.__call__.<locals>.sender at 0x000001CDB83640E0>

    async def __call__(self, scope: Scope, receive: Receive, send: Send) -> None:
        dependency_exception: Optional[Exception] = None
        async with AsyncExitStack() as stack:
            scope[self.context_name] = stack
            try:
>               await self.app(scope, receive, send)

C:\Users\HUAWEI\AppData\Roaming\Python\Python312\site-packages\fastapi\middleware\asyncexitstack.py:17: 
_ _ _ _ _ _ _ _ _ _ _ _ _ _ _ _ _ _ _ _ _ _ _ _ _ _ _ _ _ _ _ _ _ _ _ _ _ _ _ _

self = <fastapi.routing.APIRouter object at 0x000001CDB819C950>
scope = {'app': <fastapi.applications.FastAPI object at 0x000001CDB7ECD820>, 'client': ['testclient', 50000], 'endpoint': <function triage_incident at 0x000001CDB813E0C0>, 'extensions': {'http.response.debug': {}}, ...}
receive = <function BaseHTTPMiddleware.__call__.<locals>.call_next.<locals>.receive_or_disconnect at 0x000001CDB835FC40>
send = <function ExceptionMiddleware.__call__.<locals>.sender at 0x000001CDB83640E0>

    async def __call__(self, scope: Scope, receive: Receive, send: Send) -> None:
        """
        The main entry point to the Router class.
        """
        assert scope["type"] in ("http", "websocket", "lifespan")
    
        if "router" not in scope:
            scope["router"] = self
    
        if scope["type"] == "lifespan":
            await self.lifespan(scope, receive, send)
            return
    
        partial = None
    
        for route in self.routes:
            # Determine if any route matches the incoming scope,
            # and hand over to the matching route if found.
            match, child_scope = route.matches(scope)
            if match == Match.FULL:
                scope.update(child_scope)
>               await route.handle(scope, receive, send)

C:\Users\HUAWEI\AppData\Roaming\Python\Python312\site-packages\starlette\routing.py:718: 
_ _ _ _ _ _ _ _ _ _ _ _ _ _ _ _ _ _ _ _ _ _ _ _ _ _ _ _ _ _ _ _ _ _ _ _ _ _ _ _

self = APIRoute(path='/api/incident', name='triage_incident', methods=['POST'])
scope = {'app': <fastapi.applications.FastAPI object at 0x000001CDB7ECD820>, 'client': ['testclient', 50000], 'endpoint': <function triage_incident at 0x000001CDB813E0C0>, 'extensions': {'http.response.debug': {}}, ...}
receive = <function BaseHTTPMiddleware.__call__.<locals>.call_next.<locals>.receive_or_disconnect at 0x000001CDB835FC40>
send = <function ExceptionMiddleware.__call__.<locals>.sender at 0x000001CDB83640E0>

    async def handle(self, scope: Scope, receive: Receive, send: Send) -> None:
        if self.methods and scope["method"] not in self.methods:
            headers = {"Allow": ", ".join(self.methods)}
            if "app" in scope:
                raise HTTPException(status_code=405, headers=headers)
            else:
                response = PlainTextResponse(
                    "Method Not Allowed", status_code=405, headers=headers
                )
            await response(scope, receive, send)
        else:
>           await self.app(scope, receive, send)

C:\Users\HUAWEI\AppData\Roaming\Python\Python312\site-packages\starlette\routing.py:276: 
_ _ _ _ _ _ _ _ _ _ _ _ _ _ _ _ _ _ _ _ _ _ _ _ _ _ _ _ _ _ _ _ _ _ _ _ _ _ _ _

scope = {'app': <fastapi.applications.FastAPI object at 0x000001CDB7ECD820>, 'client': ['testclient', 50000], 'endpoint': <function triage_incident at 0x000001CDB813E0C0>, 'extensions': {'http.response.debug': {}}, ...}
receive = <function BaseHTTPMiddleware.__call__.<locals>.call_next.<locals>.receive_or_disconnect at 0x000001CDB835FC40>
send = <function ExceptionMiddleware.__call__.<locals>.sender at 0x000001CDB83640E0>

    async def app(scope: Scope, receive: Receive, send: Send) -> None:
        request = Request(scope, receive=receive, send=send)
        if is_coroutine:
>           response = await func(request)

C:\Users\HUAWEI\AppData\Roaming\Python\Python312\site-packages\starlette\routing.py:66: 
_ _ _ _ _ _ _ _ _ _ _ _ _ _ _ _ _ _ _ _ _ _ _ _ _ _ _ _ _ _ _ _ _ _ _ _ _ _ _ _

request = <starlette.requests.Request object at 0x000001CDB826C680>

    async def app(request: Request) -> Response:
        try:
            body: Any = None
            if body_field:
                if is_body_form:
                    body = await request.form()
                    stack = request.scope.get("fastapi_astack")
                    assert isinstance(stack, AsyncExitStack)
                    stack.push_async_callback(body.close)
                else:
                    body_bytes = await request.body()
                    if body_bytes:
                        json_body: Any = Undefined
                        content_type_value = request.headers.get("content-type")
                        if not content_type_value:
                            json_body = await request.json()
                        else:
                            message = email.message.Message()
                            message["content-type"] = content_type_value
                            if message.get_content_maintype() == "application":
                                subtype = message.get_content_subtype()
                                if subtype == "json" or subtype.endswith("+json"):
                                    json_body = await request.json()
                        if json_body != Undefined:
                            body = json_body
                        else:
                            body = body_bytes
        except json.JSONDecodeError as e:
            raise RequestValidationError(
                [
                    {
                        "type": "json_invalid",
                        "loc": ("body", e.pos),
                        "msg": "JSON decode error",
                        "input": {},
                        "ctx": {"error": e.msg},
                    }
                ],
                body=e.doc,
            ) from e
        except HTTPException:
            raise
        except Exception as e:
            raise HTTPException(
                status_code=400, detail="There was an error parsing the body"
            ) from e
        solved_result = await solve_dependencies(
            request=request,
            dependant=dependant,
            body=body,
            dependency_overrides_provider=dependency_overrides_provider,
        )
        values, errors, background_tasks, sub_response, _ = solved_result
        if errors:
            raise RequestValidationError(_normalize_errors(errors), body=body)
        else:
>           raw_response = await run_endpoint_function(
                dependant=dependant, values=values, is_coroutine=is_coroutine
            )

C:\Users\HUAWEI\AppData\Roaming\Python\Python312\site-packages\fastapi\routing.py:274: 
_ _ _ _ _ _ _ _ _ _ _ _ _ _ _ _ _ _ _ _ _ _ _ _ _ _ _ _ _ _ _ _ _ _ _ _ _ _ _ _

    async def run_endpoint_function(
        *, dependant: Dependant, values: Dict[str, Any], is_coroutine: bool
    ) -> Any:
        # Only called by get_request_handler. Has been split into its own function to
        # facilitate profiling endpoints, since inner functions are harder to profile.
        assert dependant.call is not None, "dependant.call must be a function"
    
        if is_coroutine:
>           return await dependant.call(**values)

C:\Users\HUAWEI\AppData\Roaming\Python\Python312\site-packages\fastapi\routing.py:191: 
_ _ _ _ _ _ _ _ _ _ _ _ _ _ _ _ _ _ _ _ _ _ _ _ _ _ _ _ _ _ _ _ _ _ _ _ _ _ _ _

request = IncidentRequest(incident_type='raw_report', raw_report='Lost child, approximately 6 years old, red shirt, near Gate A concourse', reporter_id='volunteer_042', location='Gate A, Concourse Level 1', language_preferred_response='en')

    @router.post("/api/incident", response_model=IncidentResponse, tags=["Incidents"])
    async def triage_incident(request: IncidentRequest) -> IncidentResponse:
        """
        Triage an incident using Gemini 2.0 Flash, with keyword-based fallback.
        Generates multilingual response scripts and saves to Firestore.
        """
        incident_id = str(uuid.uuid4())
        now = datetime.now(timezone.utc).isoformat()
        ai_categorized = False
        ai_source = "rules"
    
        # --- Attempt Gemini triage ---
>       gemini_result = await gemini_service.triage_incident(
            raw_report=request.raw_report,
            location=request.location,
            language=request.language_preferred_response,
        )
E       TypeError: object NoneType can't be used in 'await' expression

app\routes\incident.py:47: TypeError
------------------------------ Captured log call ------------------------------
WARNING  app.services.gemini:gemini.py:134 Gemini initialization failed: cannot import name 'GenerativeModel' from 'vertexai.generative_models' (unknown location). All AI calls will use fallback.
============================== warnings summary ===============================
app\main.py:142
  D:\Challange 4\backend\app\main.py:142: DeprecationWarning: 
          on_event is deprecated, use lifespan event handlers instead.
  
          Read more about it in the
          [FastAPI docs for Lifespan Events](https://fastapi.tiangolo.com/advanced/events/).
          
    @app.on_event("startup")

C:\Users\HUAWEI\AppData\Roaming\Python\Python312\site-packages\fastapi\applications.py:4547
  C:\Users\HUAWEI\AppData\Roaming\Python\Python312\site-packages\fastapi\applications.py:4547: DeprecationWarning: 
          on_event is deprecated, use lifespan event handlers instead.
  
          Read more about it in the
          [FastAPI docs for Lifespan Events](https://fastapi.tiangolo.com/advanced/events/).
          
    return self.router.on_event(event_type)

tests/test_api.py::TestIncident::test_incident_triage_lost_child
  C:\Users\HUAWEI\AppData\Roaming\Python\Python312\site-packages\google\cloud\aiplatform\initializer.py:22: DeprecationWarning: pkg_resources is deprecated as an API. See https://setuptools.pypa.io/en/latest/pkg_resources.html
    import pkg_resources  # noqa: F401 # Note this is used after copybara replacement

tests/test_api.py::TestIncident::test_incident_triage_lost_child
tests/test_api.py::TestIncident::test_incident_triage_lost_child
tests/test_api.py::TestIncident::test_incident_triage_lost_child
  C:\Users\HUAWEI\AppData\Roaming\Python\Python312\site-packages\pkg_resources\__init__.py:3142: DeprecationWarning: Deprecated call to `pkg_resources.declare_namespace('google')`.
  Implementing implicit namespace packages (as specified in PEP 420) is preferred to `pkg_resources.declare_namespace`. See https://setuptools.pypa.io/en/latest/references/keywords.html#keyword-namespace-packages
    declare_namespace(pkg)

tests/test_api.py::TestIncident::test_incident_triage_lost_child
tests/test_api.py::TestIncident::test_incident_triage_lost_child
  C:\Users\HUAWEI\AppData\Roaming\Python\Python312\site-packages\pkg_resources\__init__.py:3142: DeprecationWarning: Deprecated call to `pkg_resources.declare_namespace('google.cloud')`.
  Implementing implicit namespace packages (as specified in PEP 420) is preferred to `pkg_resources.declare_namespace`. See https://setuptools.pypa.io/en/latest/references/keywords.html#keyword-namespace-packages
    declare_namespace(pkg)

tests/test_api.py::TestIncident::test_incident_triage_lost_child
  C:\Users\HUAWEI\AppData\Roaming\Python\Python312\site-packages\pkg_resources\__init__.py:2554: DeprecationWarning: Deprecated call to `pkg_resources.declare_namespace('google')`.
  Implementing implicit namespace packages (as specified in PEP 420) is preferred to `pkg_resources.declare_namespace`. See https://setuptools.pypa.io/en/latest/references/keywords.html#keyword-namespace-packages
    declare_namespace(parent)

tests/test_api.py::TestIncident::test_incident_triage_lost_child
  <frozen importlib._bootstrap>:488: DeprecationWarning: Type google._upb._message.MessageMapContainer uses PyType_Spec with a metaclass that has custom tp_new. This is deprecated and will no longer be allowed in Python 3.14.

tests/test_api.py::TestIncident::test_incident_triage_lost_child
  <frozen importlib._bootstrap>:488: DeprecationWarning: Type google._upb._message.ScalarMapContainer uses PyType_Spec with a metaclass that has custom tp_new. This is deprecated and will no longer be allowed in Python 3.14.

-- Docs: https://docs.pytest.org/en/stable/how-to/capture-warnings.html
=========================== short test summary info ===========================
FAILED tests/test_api.py::TestIncident::test_incident_triage_lost_child - Typ...
======================= 1 failed, 11 warnings in 36.14s =======================
